Please add the following headers:
class.hpp
    test

Please remove the following headers:
proxy.hpp
