Please add the following headers:
Please remove the following headers:
header2.hpp
