Please add the following headers:
Please remove the following headers:
